// Jest Snapshot v1, https://goo.gl/fbAQLP

exports[`LoadingSkeleton renders correctly 1`] = `
<DocumentFragment>
  <div
    class="MuiGrid-root MuiGrid-container MuiGrid-spacing-xs-1 css-a5rdam-MuiGrid-root"
  >
    <div
      class="MuiGrid-root MuiGrid-item MuiGrid-grid-xs-6 css-1osj8n2-MuiGrid-root"
    >
      <span
        class="MuiSkeleton-root MuiSkeleton-rectangular MuiSkeleton-wave css-1k0nuo-MuiSkeleton-root"
        style="height: 125px;"
      />
    </div>
    <div
      class="MuiGrid-root MuiGrid-item MuiGrid-grid-xs-6 css-1osj8n2-MuiGrid-root"
    >
      <span
        class="MuiSkeleton-root MuiSkeleton-rectangular MuiSkeleton-wave css-1k0nuo-MuiSkeleton-root"
        style="height: 125px;"
      />
    </div>
    <div
      class="MuiGrid-root MuiGrid-item MuiGrid-grid-xs-6 css-1osj8n2-MuiGrid-root"
    >
      <span
        class="MuiSkeleton-root MuiSkeleton-rectangular MuiSkeleton-wave css-1k0nuo-MuiSkeleton-root"
        style="height: 125px;"
      />
    </div>
  </div>
</DocumentFragment>
`;
